---
source: src/game.rs
expression: mvp
---
{
  "model": [
    0.9848077,
    0.17364818,
    0.0,
    0.0,
    -0.17364818,
    0.9848077,
    0.0,
    0.0,
    0.0,
    0.0,
    1.0,
    0.0,
    0.0,
    0.0,
    0.0,
    1.0
  ],
  "view": [
    -0.70710677,
    -0.40824828,
    0.57735026,
    0.0,
    0.70710677,
    -0.40824828,
    0.57735026,
    0.0,
    0.0,
    0.81649655,
    0.57735026,
    0.0,
    -0.0,
    -0.0,
    -3.4641016,
    1.0
  ],
  "projection": [
    1.81066,
    0.0,
    0.0,
    0.0,
    0.0,
    -2.4142134,
    0.0,
    0.0,
    0.0,
    0.0,
    -1.0101011,
    -1.0,
    0.0,
    0.0,
    -0.10101011,
    0.0
  ]
}
